// Jest Snapshot v1, https://goo.gl/fbAQLP

exports[`Pruebas <PrimeraApp />  Debe mostrar Hola Soy Goku 1`] = `
<Fragment>
  <h1>
    Hola Soy Goku
  </h1>
  <p>
    Soy un subtitulo, Mi Primera Aplicacion
  </p>
</Fragment>
`;
